=== LineAR System Session Log Start: 2026-06-27 16:30:02 ===
[2026-06-27 16:30:02.433] Loading OCR Engine context...
[2026-06-27 16:30:05.698] OCR Engine Ready.
[2026-06-27 16:30:05.699] Initializing hardware camera capture access...
[2026-06-27 16:30:06.911] Booting up backend real-time tracking daemon thread pass...
[2026-06-27 16:30:07.400] Tracking Lock Acquired: Target sheet anchors located.
[2026-06-27 16:30:12.994] Tracking Lock Lost: Target sheet missing or occluded.
[2026-06-27 16:30:13.097] Tracking Lock Acquired: Target sheet anchors located.
[2026-06-27 16:30:13.486] Tracking Lock Lost: Target sheet missing or occluded.
[2026-06-27 16:30:13.610] Tracking Lock Acquired: Target sheet anchors located.
[2026-06-27 16:30:13.696] Tracking Lock Lost: Target sheet missing or occluded.
[2026-06-27 16:30:13.796] Tracking Lock Acquired: Target sheet anchors located.
[2026-06-27 16:30:18.992] Tracking Lock Lost: Target sheet missing or occluded.
[2026-06-27 16:30:19.091] Tracking Lock Acquired: Target sheet anchors located.
[2026-06-27 16:30:23.589] Tracking Lock Lost: Target sheet missing or occluded.
[2026-06-27 16:30:23.699] Tracking Lock Acquired: Target sheet anchors located.
[2026-06-27 16:31:06.468] Tracking Lock Lost: Target sheet missing or occluded.
[2026-06-27 16:31:06.678] Tracking Lock Acquired: Target sheet anchors located.
[2026-06-27 16:31:07.971] Tracking Lock Lost: Target sheet missing or occluded.
[2026-06-27 16:31:09.084] Tracking Lock Acquired: Target sheet anchors located.
[2026-06-27 16:31:09.177] Tracking Lock Lost: Target sheet missing or occluded.
[2026-06-27 16:31:10.772] Tracking Lock Acquired: Target sheet anchors located.
[2026-06-27 16:31:10.975] Tracking Lock Lost: Target sheet missing or occluded.
[2026-06-27 16:31:11.178] Tracking Lock Acquired: Target sheet anchors located.
[2026-06-27 16:31:24.786] System shutting down. Closing capture devices.
